// Jest Snapshot v1, https://goo.gl/fbAQLP

exports[`App Component matches snapshot 1`] = `
<DocumentFragment>
  <div
    class="flex flex-col items-center justify-center min-h-screen bg-lightBg dark:bg-darkBg text-dark dark:text-light"
  >
    <div
      class="flex space-x-4"
    >
      <a
        href="https://vite.dev"
        rel="noopener noreferrer"
        target="_blank"
      >
        <img
          alt="Vite logo"
          class="h-16 w-16 transition-transform duration-300 hover:scale-110"
          src=""
        />
      </a>
      <a
        href="https://react.dev"
        rel="noopener noreferrer"
        target="_blank"
      >
        <img
          alt="React logo"
          class="h-16 w-16 transition-transform duration-300 hover:scale-110"
          src=""
        />
      </a>
    </div>
    <h1
      class="mt-6 text-4xl font-bold"
    >
      Vite + React
    </h1>
    <div
      class="mt-6 p-6 bg-white dark:bg-gray-800 shadow-lg rounded-lg text-center"
    >
      <button
        class="px-4 py-2 bg-blue-600 text-white rounded-lg shadow-md hover:bg-blue-700 focus:outline-none focus:ring focus:ring-blue-300"
      >
        Count is 0
      </button>
      <p
        class="mt-4 text-gray-600 dark:text-gray-300"
      >
        Edit 
        <code
          class="bg-gray-200 dark:bg-gray-700 rounded px-1"
        >
          src/App.tsx
        </code>
         and save to test HMR
      </p>
    </div>
    <p
      class="mt-6 text-sm text-gray-500 dark:text-gray-400"
    >
      Click on the Vite and React logos to learn more
    </p>
  </div>
</DocumentFragment>
`;
